Turbo Assembler	 Version 4.1	    04/26/20 18:34:37	    Page 1
pass.asm



      1
      2	0000			     .model tiny
      3	0000			     .code
      4				     org 100h
      5
      6	0100  B4 02		     Start:	     mov ah, 02h
      7	0102  B9 FDD4				     mov cx, 64980d
      8	0105  B2 90				     mov dl, 90h
      9
     10	0107  CD 21		     Next:	     int 21h
     11	0109  E2 FC				     loop Next
     12
     13	010B  B2 53				     mov dl, 53h
     14	010D  CD 21				     int 21h
     15	010F  B2 01				     mov dl, 01h
     16	0111  CD 21				     int 21h
     17	0113  B2 0D				     mov dl, 0dh
     18	0115  CD 21				     int 21h
     19
     20	0117  B8 4C00				     mov ax, 4c00h
     21	011A  CD 21				     int 21h
     22
     23				     end	     Start
Turbo Assembler	 Version 4.1	    04/26/20 18:34:37	    Page 2
Symbol Table




Symbol Name			  Type	 Value

??DATE				  Text	 "04/26/20"
??FILENAME			  Text	 "pass	  "
??TIME				  Text	 "18:34:37"
??VERSION			  Number 040A
@32BIT				  Text	 0
@CODE				  Text	 DGROUP
@CODESIZE			  Text	 0
@CPU				  Text	 0101H
@CURSEG				  Text	 _TEXT
@DATA				  Text	 DGROUP
@DATASIZE			  Text	 0
@FILENAME			  Text	 PASS
@INTERFACE			  Text	 000H
@MODEL				  Text	 1
@STACK				  Text	 DGROUP
@WORDSIZE			  Text	 2
NEXT				  Near	 DGROUP:0107
START				  Near	 DGROUP:0100

Groups & Segments		  Bit Size Align  Combine Class

DGROUP				  Group
  _DATA				  16  0000 Word	  Public  DATA
  _TEXT				  16  011C Word	  Public  CODE
